../task/hailo_task.c:34:13:EnableSOM	16	static
../task/hailo_task.c:39:6:DisableHailoTask	16	static
../task/hailo_task.c:47:6:hailo_task_init	8	static
../task/hailo_task.c:60:13:Hailo_syncTask	4	static
../task/hailo_task.c:65:6:setReadyStatus	4	static
../task/hailo_task.c:70:6:resetReadyStatus	4	static
../task/hailo_task.c:76:5:GetHailoPhase	4	static
../task/hailo_task.c:81:6:GetHailoTimeout	4	static
../task/hailo_task.c:86:5:enwhiteled	16	static
../task/hailo_task.c:99:13:Hailo_elab_task	8	static
../task/hailo_task.c:192:9:setHailoRequestFlag	16	static
../task/hailo_task.c:198:9:isHailoFlagActive	16	static
../task/hailo_task.c:204:9:setRtcRequestFlag	16	static
../task/hailo_task.c:210:9:isRtcFlagActive	16	static
../task/hailo_task.c:216:6:setPirEvent	272	static
../task/hailo_task.c:225:6:resetPirEvent	4	static
../task/hailo_task.c:230:9:isPirevent	4	static
../task/hailo_task.c:235:6:setLinuxAlive	16	static
../task/hailo_task.c:243:5:isLinuxAlive	4	static
