../bms/bms.c:35:9:setBattery_i2c_bus	16	static
../bms/bms.c:41:5:dumpe_register	16	static
../bms/bms.c:51:10:readRegister	40	static
../bms/bms.c:57:10:readRegister16	40	static
../bms/bms.c:76:21:dK_to_C	16	static
../bms/bms.c:83:10:getBatteryTemperatureC	16	static
../bms/bms.c:90:10:getBatteryTemperatureF	8	static
../bms/bms.c:95:10:getBatteryVoltageMv	8	static
../bms/bms.c:100:10:getBatteryCurrentMa	8	static
../bms/bms.c:105:10:getBatteryAverageCurrentMa	8	static
../bms/bms.c:110:10:getBatteryMaxError	16	static
../bms/bms.c:116:10:getBatteryRelativeStateOfCharge	16	static
../bms/bms.c:128:10:getBatteryRemainingCapacityMah	8	static
../bms/bms.c:133:10:getBatteryFullChargeCapacityMah	8	static
../bms/bms.c:138:10:getBatteryRunTimeToEmptyMin	8	static
../bms/bms.c:143:10:getBatteryAveragetimeToEmptyMin	8	static
../bms/bms.c:148:10:getBatteryAveragetimeToFullMin	8	static
../bms/bms.c:153:10:getBatteryChargingCurrentMa	8	static
../bms/bms.c:158:10:getBatteryChargingVoltageMv	8	static
../bms/bms.c:183:10:getBatteryStatus	8	static
../bms/bms.c:187:10:getBatteryDesignVoltage	8	static
../bms/bms.c:191:10:getBatteryPackStatus	8	static
../bms/bms.c:195:10:getBatteryOperationStatus	8	static
