../bme280/bme280.c:24:6:BME280_WriteReg	40	static
../bme280/bme280.c:40:9:BME280_ReadReg	40	static
../bme280/bme280.c:56:5:BME280_ReadRegs	40	static
../bme280/bme280.c:69:15:BME280_Check	8	static
../bme280/bme280.c:75:6:BME280_Reset	8	static
../bme280/bme280.c:82:9:BME280_GetVersion	8	static
../bme280/bme280.c:89:9:BME280_GetStatus	8	static
../bme280/bme280.c:96:9:BME280_GetMode	8	static
../bme280/bme280.c:103:6:BME280_SetMode	24	static
../bme280/bme280.c:119:6:BME280_SetFilter	24	static
../bme280/bme280.c:135:6:BME280_SetStandby	24	static
../bme280/bme280.c:151:6:BME280_SetOSRST	24	static
../bme280/bme280.c:167:6:BME280_SetOSRSP	24	static
../bme280/bme280.c:183:6:BME280_SetOSRSH	24	static
../bme280/bme280.c:206:15:BME280_Read_Calibration	16	static
../bme280/bme280.c:234:15:BME280_Read_UP	24	static
../bme280/bme280.c:253:15:BME280_Read_UT	24	static
../bme280/bme280.c:273:15:BME280_Read_UH	24	static
../bme280/bme280.c:294:15:BME280_Read_UTPH	32	static
../bme280/bme280.c:317:9:BME280_CalcT	16	static
../bme280/bme280.c:332:10:BME280_CalcP	328	static
../bme280/bme280.c:383:10:BME280_CalcH	24	static
../bme280/bme280.c:405:10:BME280_Pa_to_mmHg	24	static
../bme280/bme280.c:420:9:BME280_Pa_to_Alt	40	static
../bme280/bme280.c:499:7:BME280_CalcTf	32	static
../bme280/bme280.c:517:7:BME280_CalcPf	40	static
../bme280/bme280.c:542:7:BME280_CalcHf	56	static
