../KedOS/core/shell.c:25:8:ConsoleStrTok	24	static
../KedOS/core/shell.c:98:6:ShellInit	16	static
../KedOS/core/shell.c:118:8:ShellEnable	4	static
../KedOS/core/shell.c:122:8:ShellDisable	4	static
../KedOS/core/shell.c:127:8:launch_shell_process	16	static
../KedOS/core/shell.c:135:13:kill_shell_process	8	static
../KedOS/core/shell.c:145:6:printshell	16	static
../KedOS/core/shell.c:153:6:printstring	24	static
../KedOS/core/shell.c:165:8:getShellProcessChar	4	static
../KedOS/core/shell.c:174:8:ShellProcess	24	static
